// Jest Snapshot v1, https://goo.gl/fbAQLP

exports[`AppBar - Con RNTL 13.3.0 + React 19 snapshot del componente 1`] = `
<RCTView
  style={
    {
      "alignItems": "center",
      "backgroundColor": "#70BBFD",
      "padding": 15,
    }
  }
  testID="appbar"
>
  <RCTText
    style={
      {
        "color": "white",
        "fontSize": 18,
        "fontWeight": "bold",
      }
    }
  >
    Snapshot Test
  </RCTText>
</RCTView>
`;
